
.dex file statistics:
  file_size                     : 1688
  data_size                     : 1088
  link_size                     : 0
  class_defs_size               : 2
  string_ids_size               : 42
  type_ids_size                 : 12
  proto_ids_size                : 8
  field_ids_size                : 1
  method_ids_size               : 13
  map_list_size                 : 13


.dex IR statistics:
  strings                       : 42
  types                         : 12
  protos                        : 8
  fields                        : 1
  encoded_fields                : 0
  methods                       : 13
  encoded_methods               : 6
  classes                       : 2
  type_lists                    : 5
  code                          : 6
  debug_info                    : 6
  encoded_values                : 0
  encoded_arrays                : 0
  annotations                   : 0
  annotation_elements           : 0
  annotation_sets               : 0
  annotation_set_ref_lists      : 0
  annotations_directories       : 0
  field_annotations             : 0
  method_annotations            : 0
  param_annotations             : 0

