
Sections summary: name, offset, size [count]
  HeaderItem                :        0,       70  [1]
  StringIdItem              :       70,       d8  [54]
  TypeIdItem                :      148,       50  [20]
  ProtoIdItem               :      198,       78  [10]
  FieldIdItem               :      210,       10  [2]
  MethodIdItem              :      220,       98  [19]
  ClassDefItem              :      2b8,       a0  [5]
  AnnotationSetItem         :      358,       20  [3]
  CodeItem                  :      378,      258  [9]
  AnnotationsDirectoryItem  :      5d0,       30  [3]
  TypeList                  :      600,       26  [5]
  StringDataItem            :      626,      2db  [54]
  DebugInfoItem             :      901,       98  [9]
  AnnotationItem            :      999,       22  [4]
  ClassDataItem             :      9bb,       45  [5]
  MapList                   :      a00,       c4  [1]
